2017-05-05 16:07:02,537 - Main logger - 72017ae7-a08f-454c-8bdc-735cdf984691 - INFO - BOT SAYS: [{'delay': 0, 'type': 'text', 'payload': {'text': 'topic news'}}, {'delay': 0, 'type': 'text', 'payload': {'text': 'END'}}, {'delay': 0, 'type': 'text', 'payload': {'text': 'What do you want to know?'}}]
2017-05-05 16:07:40,877 - Main logger - 72017ae7-a08f-454c-8bdc-735cdf984691 - INFO - USER SAYS: read the article
2017-05-05 16:07:40,971 - Main logger - 72017ae7-a08f-454c-8bdc-735cdf984691 - INFO - BOT SAYS: [{'delay': 0, 'type': 'text', 'payload': {'text': 'read article'}}, {'delay': 0, 'type': 'text', 'payload': {'text': 'END'}}, {'delay': 0, 'type': 'text', 'payload': {'text': 'What do you want to know?'}}]
2017-05-05 16:07:44,265 - Main logger - 72017ae7-a08f-454c-8bdc-735cdf984691 - INFO - USER SAYS: tell me joke
2017-05-05 16:07:44,322 - Main logger - 72017ae7-a08f-454c-8bdc-735cdf984691 - INFO - BOT SAYS: [{'delay': 0, 'type': 'text', 'payload': {'text': 'joke'}}, {'delay': 0, 'type': 'text', 'payload': {'text': 'END'}}, {'delay': 0, 'type': 'text', 'payload': {'text': 'What do you want to know?'}}]
2017-05-05 16:08:07,722 - Main logger - 72017ae7-a08f-454c-8bdc-735cdf984691 - INFO - USER SAYS: tell me about sports
2017-05-05 16:08:07,781 - Main logger - 72017ae7-a08f-454c-8bdc-735cdf984691 - INFO - BOT SAYS: [{'delay': 0, 'type': 'text', 'payload': {'text': 'sports'}}, {'delay': 0, 'type': 'text', 'payload': {'text': 'END'}}, {'delay': 0, 'type': 'text', 'payload': {'text': 'What do you want to know?'}}]
2017-05-05 16:08:09,486 - Main logger - 72017ae7-a08f-454c-8bdc-735cdf984691 - INFO - USER SAYS: help
2017-05-05 16:08:09,554 - Main logger - 72017ae7-a08f-454c-8bdc-735cdf984691 - INFO - BOT SAYS: [{'delay': 0, 'type': 'text', 'payload': {'text': 'help'}}, {'delay': 0, 'type': 'text', 'payload': {'text': 'END'}}, {'delay': 0, 'type': 'text', 'payload': {'text': 'What do you want to know?'}}]
2017-05-05 16:11:54,420 - Main logger - 72017ae7-a08f-454c-8bdc-735cdf984691 - INFO - USER SAYS: news
2017-05-05 16:11:54,526 - Main logger - 72017ae7-a08f-454c-8bdc-735cdf984691 - INFO - BOT SAYS: [{'delay': 0, 'type': 'text', 'payload': {'text': 'breaking news'}}, {'delay': 0, 'type': 'text', 'payload': {'text': 'END'}}, {'delay': 0, 'type': 'text', 'payload': {'text': 'What do you want to know?'}}]
2017-05-05 16:11:56,707 - Main logger - 72017ae7-a08f-454c-8bdc-735cdf984691 - INFO - USER SAYS: sports
2017-05-05 16:11:56,789 - Main logger - 72017ae7-a08f-454c-8bdc-735cdf984691 - INFO - BOT SAYS: [{'delay': 0, 'type': 'text', 'payload': {'text': 'topic news'}}, {'delay': 0, 'type': 'text', 'payload': {'text': 'END'}}, {'delay': 0, 'type': 'text', 'payload': {'text': 'What do you want to know?'}}]
2017-05-05 16:12:03,972 - Main logger - 72017ae7-a08f-454c-8bdc-735cdf984691 - INFO - USER SAYS: joke
2017-05-05 16:12:04,037 - Main logger - 72017ae7-a08f-454c-8bdc-735cdf984691 - INFO - BOT SAYS: [{'delay': 0, 'type': 'text', 'payload': {'text': 'joke'}}, {'delay': 0, 'type': 'text', 'payload': {'text': 'END'}}, {'delay': 0, 'type': 'text', 'payload': {'text': 'What do you want to know?'}}]
2017-05-05 16:12:06,693 - Main logger - 72017ae7-a08f-454c-8bdc-735cdf984691 - INFO - USER SAYS: repeat
2017-05-05 16:12:06,740 - Main logger - 72017ae7-a08f-454c-8bdc-735cdf984691 - INFO - BOT SAYS: [{'delay': 0, 'type': 'text', 'payload': {'text': 'repeat'}}, {'delay': 0, 'type': 'text', 'payload': {'text': 'END'}}, {'delay': 0, 'type': 'text', 'payload': {'text': 'What do you want to know?'}}]
2017-05-05 16:12:09,953 - Main logger - 72017ae7-a08f-454c-8bdc-735cdf984691 - INFO - USER SAYS: help
2017-05-05 16:12:09,996 - Main logger - 72017ae7-a08f-454c-8bdc-735cdf984691 - INFO - BOT SAYS: [{'delay': 0, 'type': 'text', 'payload': {'text': 'help'}}, {'delay': 0, 'type': 'text', 'payload': {'text': 'END'}}, {'delay': 0, 'type': 'text', 'payload': {'text': 'What do you want to know?'}}]
2017-05-05 16:12:25,583 - Main logger - 72017ae7-a08f-454c-8bdc-735cdf984691 - INFO - USER SAYS: article
2017-05-05 16:12:25,636 - Main logger - 72017ae7-a08f-454c-8bdc-735cdf984691 - INFO - BOT SAYS: [{'delay': 0, 'type': 'text', 'payload': {'text': 'read article'}}, {'delay': 0, 'type': 'text', 'payload': {'text': 'END'}}, {'delay': 0, 'type': 'text', 'payload': {'text': 'What do you want to know?'}}]
2017-05-05 16:14:16,466 - Main logger - 72017ae7-a08f-454c-8bdc-735cdf984691 - INFO - USER SAYS: new
2017-05-05 16:14:16,544 - Main logger - 72017ae7-a08f-454c-8bdc-735cdf984691 - INFO - BOT SAYS: [{'delay': 0, 'type': 'text', 'payload': {'text': 'breaking news'}}, {'delay': 0, 'type': 'text', 'payload': {'text': 'END'}}, {'delay': 0, 'type': 'text', 'payload': {'text': 'What do you want to know?'}}]
2017-05-05 16:48:14,794 - Main logger - 72017ae7-a08f-454c-8bdc-735cdf984691 - INFO - USER SAYS: tell me about sports
2017-05-05 16:48:14,929 - Main logger - 72017ae7-a08f-454c-8bdc-735cdf984691 - INFO - BOT SAYS: [{'payload': {'text': 'sports'}, 'delay': 0, 'type': 'text'}, {'payload': {'text': 'END'}, 'delay': 0, 'type': 'text'}, {'payload': {'text': 'What do you want to know?'}, 'delay': 0, 'type': 'text'}]
2017-05-05 16:48:34,968 - Main logger - 72017ae7-a08f-454c-8bdc-735cdf984691 - INFO - USER SAYS: tell me neww
2017-05-05 16:48:35,026 - Main logger - 72017ae7-a08f-454c-8bdc-735cdf984691 - INFO - BOT SAYS: [{'payload': {'text': 'read article'}, 'delay': 0, 'type': 'text'}, {'payload': {'text': 'END'}, 'delay': 0, 'type': 'text'}, {'payload': {'text': 'What do you want to know?'}, 'delay': 0, 'type': 'text'}]
2017-05-05 16:48:51,451 - Main logger - 72017ae7-a08f-454c-8bdc-735cdf984691 - INFO - USER SAYS: i'd like to know something about news
2017-05-05 16:48:51,517 - Main logger - 72017ae7-a08f-454c-8bdc-735cdf984691 - INFO - BOT SAYS: [{'payload': {'text': 'sports'}, 'delay': 0, 'type': 'text'}, {'payload': {'text': 'END'}, 'delay': 0, 'type': 'text'}, {'payload': {'text': 'What do you want to know?'}, 'delay': 0, 'type': 'text'}]
2017-05-10 17:27:23,518 - Main logger - f627482a-db81-4bbe-b315-0567d790b131 - INFO - BOT SAYS: [{'type': 'text', 'delay': 0, 'payload': {'text': 'Hello!'}}, {'type': 'text', 'delay': 0, 'payload': {'text': 'test'}}, {'type': 'text', 'delay': 0, 'payload': {'text': 'What would you like to practice?'}}, {'type': 'button', 'delay': 0, 'payload': OrderedDict([('label', 'sums'), ('next_state', 'sums'), ('type', 'something')])}, {'type': 'button', 'delay': 0, 'payload': OrderedDict([('label', 'substraction'), ('next_state', 'substraction'), ('type', 'something')])}]
2017-05-10 17:27:25,188 - Main logger - f627482a-db81-4bbe-b315-0567d790b131 - INFO - BOT SAYS: [{'type': 'text', 'delay': 0, 'payload': {'text': 'How many questions?'}}, {'type': 'slider', 'delay': 0, 'payload': {'tooltips': True, 'tooltips_prefix': '', 'max_value': 50, 'min_value': 1, 'step': 1, 'entities': ['maxcount'], 'default_values': [0], 'tooltips_postfix': '', 'tooltips_decimals': 0, 'connect': True}}]
2017-05-10 17:27:27,582 - Main logger - f627482a-db81-4bbe-b315-0567d790b131 - INFO - BOT SAYS: [{'type': 'text', 'delay': 0, 'payload': {'text': '#1: 4 + 38 = ?'}}]
2017-05-10 17:27:31,862 - Main logger - f627482a-db81-4bbe-b315-0567d790b131 - INFO - USER SAYS: 42
2017-05-10 17:28:53,912 - Main logger - 8a40e9ef-5148-4e2f-9cea-bdb1789b9349 - INFO - BOT SAYS: [{'delay': 0, 'payload': {'text': 'Hello!'}, 'type': 'text'}, {'delay': 0, 'payload': {'text': 'test'}, 'type': 'text'}, {'delay': 0, 'payload': {'text': 'What would you like to practice?'}, 'type': 'text'}, {'delay': 0, 'payload': OrderedDict([('label', 'sums'), ('next_state', 'sums'), ('type', 'something')]), 'type': 'button'}, {'delay': 0, 'payload': OrderedDict([('label', 'substraction'), ('next_state', 'substraction'), ('type', 'something')]), 'type': 'button'}]
2017-05-10 17:28:55,553 - Main logger - 8a40e9ef-5148-4e2f-9cea-bdb1789b9349 - INFO - BOT SAYS: [{'delay': 0, 'payload': {'text': 'How many questions?'}, 'type': 'text'}, {'delay': 0, 'payload': {'tooltips_postfix': '', 'tooltips_decimals': 0, 'max_value': 50, 'min_value': 1, 'tooltips': True, 'default_values': [0], 'entities': ['maxcount'], 'tooltips_prefix': '', 'connect': True, 'step': 1}, 'type': 'slider'}]
2017-05-10 17:28:57,411 - Main logger - 8a40e9ef-5148-4e2f-9cea-bdb1789b9349 - INFO - BOT SAYS: [{'delay': 0, 'payload': {'text': '#1: 74 + 84 = ?'}, 'type': 'text'}]
2017-05-10 17:29:02,948 - Main logger - 8a40e9ef-5148-4e2f-9cea-bdb1789b9349 - INFO - USER SAYS: 158
2017-05-10 17:29:03,191 - Main logger - 8a40e9ef-5148-4e2f-9cea-bdb1789b9349 - INFO - BOT SAYS: [{'delay': 0, 'payload': {'text': "Great! That's right!"}, 'type': 'text'}, {'delay': 0, 'payload': {'text': 'Do you want to keep on practicing?'}, 'type': 'text'}, {'delay': 0, 'payload': OrderedDict([('label', 'Yes'), ('next_state', 'welcome_question'), ('type', '')]), 'type': 'button'}, {'delay': 0, 'payload': OrderedDict([('label', 'No'), ('next_state', 'end'), ('type', '')]), 'type': 'button'}]
2017-05-10 17:29:05,151 - Main logger - 8a40e9ef-5148-4e2f-9cea-bdb1789b9349 - INFO - BOT SAYS: [{'delay': 0, 'payload': {'text': 'What would you like to practice?'}, 'type': 'text'}, {'delay': 0, 'payload': OrderedDict([('label', 'sums'), ('next_state', 'sums'), ('type', 'something')]), 'type': 'button'}, {'delay': 0, 'payload': OrderedDict([('label', 'substraction'), ('next_state', 'substraction'), ('type', 'something')]), 'type': 'button'}]
2017-05-10 17:29:06,748 - Main logger - 8a40e9ef-5148-4e2f-9cea-bdb1789b9349 - INFO - BOT SAYS: [{'delay': 0, 'payload': {'text': 'How many questions?'}, 'type': 'text'}, {'delay': 0, 'payload': {'tooltips_postfix': '', 'tooltips_decimals': 0, 'max_value': 50, 'min_value': 1, 'tooltips': True, 'default_values': [0], 'entities': ['maxcount'], 'tooltips_prefix': '', 'connect': True, 'step': 1}, 'type': 'slider'}]
2017-05-10 17:29:09,792 - Main logger - 8a40e9ef-5148-4e2f-9cea-bdb1789b9349 - INFO - BOT SAYS: [{'delay': 0, 'payload': {'text': '#2: 31 - 13 = ?'}, 'type': 'text'}]
2017-05-10 17:29:10,919 - Main logger - 8a40e9ef-5148-4e2f-9cea-bdb1789b9349 - INFO - BOT SAYS: [{'delay': 0, 'payload': {'text': 'That is a wrong answer. The correct answer was 18.'}, 'type': 'text'}, {'delay': 0, 'payload': {'text': '#3: 79 - 54 = ?'}, 'type': 'text'}]
2017-05-10 17:29:11,660 - Main logger - 8a40e9ef-5148-4e2f-9cea-bdb1789b9349 - INFO - BOT SAYS: [{'delay': 0, 'payload': {'text': 'That is a wrong answer. The correct answer was 25.'}, 'type': 'text'}, {'delay': 0, 'payload': {'text': '#4: 5 - 5 = ?'}, 'type': 'text'}]
2017-05-10 17:29:12,243 - Main logger - 8a40e9ef-5148-4e2f-9cea-bdb1789b9349 - INFO - BOT SAYS: [{'delay': 0, 'payload': {'text': 'That is a wrong answer. The correct answer was 0.'}, 'type': 'text'}, {'delay': 0, 'payload': {'text': '#5: 94 - 92 = ?'}, 'type': 'text'}]
2017-05-10 17:29:12,808 - Main logger - 8a40e9ef-5148-4e2f-9cea-bdb1789b9349 - INFO - BOT SAYS: [{'delay': 0, 'payload': {'text': 'That is a wrong answer. The correct answer was 2.'}, 'type': 'text'}, {'delay': 0, 'payload': {'text': 'Do you want to keep on practicing?'}, 'type': 'text'}, {'delay': 0, 'payload': OrderedDict([('label', 'Yes'), ('next_state', 'welcome_question'), ('type', '')]), 'type': 'button'}, {'delay': 0, 'payload': OrderedDict([('label', 'No'), ('next_state', 'end'), ('type', '')]), 'type': 'button'}]
2017-05-10 17:29:13,284 - Main logger - 8a40e9ef-5148-4e2f-9cea-bdb1789b9349 - INFO - BOT SAYS: [{'delay': 0, 'payload': {'text': 'Goodbye.'}, 'type': 'text'}]
2017-05-10 17:29:13,286 - Main logger - 8a40e9ef-5148-4e2f-9cea-bdb1789b9349 - INFO - ===== SESSION END =====
2017-05-10 19:18:10,951 - Main logger - 0a99ee8f-db44-4b99-b022-392c50977ea8 - INFO - BOT SAYS: [{'payload': {'text': 'Hrajeme hru Mesta, mate napsat existujici mesto, ktere se zacina stejnym pismenem, kterym konci posledni napsane.'}, 'type': 'text', 'delay': 0}, {'payload': {'text': 'Tak prvni mesto je Praha, mate zacit "A"'}, 'type': 'text', 'delay': 0}]
2017-05-10 19:18:36,447 - Main logger - 0a99ee8f-db44-4b99-b022-392c50977ea8 - INFO - USER SAYS: as
2017-05-10 19:58:26,432 - Main logger - 5499a3a9-9d23-4ecf-a77f-2a1420b1a968 - INFO - BOT SAYS: [{'payload': {'text': 'Hrajeme hru Mesta, mas napsat existujici mesto, ktere se zacina stejnym pismenem, kterym konci posledni napsane.'}, 'delay': 0, 'type': 'text'}, {'payload': {'text': 'Chces hrat nebo naucit bota mestam? '}, 'delay': 0, 'type': 'text'}, {'payload': OrderedDict([('label', 'Hrat'), ('next_state', 'state1'), ('type', 'Main')]), 'delay': 0, 'type': 'button'}, {'payload': OrderedDict([('label', 'Naucit'), ('next_state', 'teach_bot'), ('type', 'Main')]), 'delay': 0, 'type': 'button'}]
2017-05-10 19:58:31,031 - Main logger - 5499a3a9-9d23-4ecf-a77f-2a1420b1a968 - INFO - BOT SAYS: [{'payload': {'text': 'Chces kontrolu tvych mest? '}, 'delay': 0, 'type': 'text'}, {'payload': OrderedDict([('label', 'Ano'), ('next_state', 'ano_state'), ('type', 'Main')]), 'delay': 0, 'type': 'button'}, {'payload': OrderedDict([('label', 'Ne'), ('next_state', 'ne_state'), ('type', 'Main')]), 'delay': 0, 'type': 'button'}]
2017-05-10 19:58:33,164 - Main logger - 5499a3a9-9d23-4ecf-a77f-2a1420b1a968 - INFO - BOT SAYS: [{'payload': {'text': 'Tak prvni mesto je Praha, mas zacit "A"'}, 'delay': 0, 'type': 'text'}]
2017-05-10 19:58:37,467 - Main logger - 5499a3a9-9d23-4ecf-a77f-2a1420b1a968 - INFO - USER SAYS: as
2017-05-10 19:58:37,514 - Main logger - 5499a3a9-9d23-4ecf-a77f-2a1420b1a968 - INFO - BOT SAYS: [{'payload': {'text': 'Fuj, takove hlavne mesto neexistuje, zkus jeste jednou.'}, 'delay': 0, 'type': 'text'}]
2017-05-10 19:58:53,741 - Main logger - 5499a3a9-9d23-4ecf-a77f-2a1420b1a968 - INFO - USER SAYS: antalya
2017-05-10 19:58:53,784 - Main logger - 5499a3a9-9d23-4ecf-a77f-2a1420b1a968 - INFO - BOT SAYS: [{'payload': {'text': 'Fuj, takove hlavne mesto neexistuje, zkus jeste jednou.'}, 'delay': 0, 'type': 'text'}]
2017-05-10 19:58:58,555 - Main logger - 5499a3a9-9d23-4ecf-a77f-2a1420b1a968 - INFO - USER SAYS: antalia
2017-05-10 19:58:58,617 - Main logger - 5499a3a9-9d23-4ecf-a77f-2a1420b1a968 - INFO - BOT SAYS: [{'payload': {'text': 'Fuj, takove hlavne mesto neexistuje, zkus jeste jednou.'}, 'delay': 0, 'type': 'text'}]
2017-05-10 19:59:02,915 - Main logger - 5499a3a9-9d23-4ecf-a77f-2a1420b1a968 - INFO - USER SAYS: atheny
2017-05-10 19:59:02,946 - Main logger - 5499a3a9-9d23-4ecf-a77f-2a1420b1a968 - INFO - BOT SAYS: [{'payload': {'text': 'Fuj, takove hlavne mesto neexistuje, zkus jeste jednou.'}, 'delay': 0, 'type': 'text'}]
2017-05-10 19:59:05,049 - Main logger - 5499a3a9-9d23-4ecf-a77f-2a1420b1a968 - INFO - USER SAYS: athens
2017-05-10 19:59:05,113 - Main logger - 5499a3a9-9d23-4ecf-a77f-2a1420b1a968 - INFO - BOT SAYS: [{'payload': {'text': 'Parada! Pisu dalsi mesto.'}, 'delay': 0, 'type': 'text'}, {'payload': {'text': 'Dalsi mesto je Seoul, je to hlavni mesto statu South Korea '}, 'delay': 0, 'type': 'text'}, {'payload': {'text': 'Mas napsat mesto, zacinajici "L" '}, 'delay': 0, 'type': 'text'}]
2017-05-10 19:59:17,871 - Main logger - 5499a3a9-9d23-4ecf-a77f-2a1420b1a968 - INFO - USER SAYS: Los Angeles
2017-05-10 19:59:17,924 - Main logger - 5499a3a9-9d23-4ecf-a77f-2a1420b1a968 - INFO - BOT SAYS: [{'payload': {'text': 'Fuj, takove hlavne mesto neexistuje, zkus jeste jednou.'}, 'delay': 0, 'type': 'text'}]
2017-05-10 19:59:30,069 - Main logger - 5499a3a9-9d23-4ecf-a77f-2a1420b1a968 - INFO - USER SAYS: London
2017-05-10 19:59:30,221 - Main logger - 5499a3a9-9d23-4ecf-a77f-2a1420b1a968 - INFO - BOT SAYS: [{'payload': {'text': 'Parada! Pisu dalsi mesto.'}, 'delay': 0, 'type': 'text'}, {'payload': {'text': 'Dalsi mesto je Nicosia, je to hlavni mesto statu Cyprus '}, 'delay': 0, 'type': 'text'}, {'payload': {'text': 'Mas napsat mesto, zacinajici "A" '}, 'delay': 0, 'type': 'text'}]
2017-05-10 20:00:00,099 - Main logger - 5499a3a9-9d23-4ecf-a77f-2a1420b1a968 - INFO - RESET
2017-05-10 20:00:00,107 - Main logger - 5499a3a9-9d23-4ecf-a77f-2a1420b1a968 - INFO - GOTO: init
2017-05-10 20:00:00,184 - Main logger - 5499a3a9-9d23-4ecf-a77f-2a1420b1a968 - INFO - BOT SAYS: [{'payload': {'text': 'Hrajeme hru Mesta, mas napsat existujici mesto, ktere se zacina stejnym pismenem, kterym konci posledni napsane.'}, 'delay': 0, 'type': 'text'}, {'payload': {'text': 'Chces hrat nebo naucit bota mestam? '}, 'delay': 0, 'type': 'text'}, {'payload': OrderedDict([('label', 'Hrat'), ('next_state', 'state1'), ('type', 'Main')]), 'delay': 0, 'type': 'button'}, {'payload': OrderedDict([('label', 'Naucit'), ('next_state', 'teach_bot'), ('type', 'Main')]), 'delay': 0, 'type': 'button'}]
2017-05-10 20:00:02,246 - Main logger - 5499a3a9-9d23-4ecf-a77f-2a1420b1a968 - INFO - BOT SAYS: [{'payload': {'text': 'Pro dalsi postup musite napsat heslo.'}, 'delay': 0, 'type': 'text'}]
2017-05-10 20:00:08,396 - Main logger - 5499a3a9-9d23-4ecf-a77f-2a1420b1a968 - INFO - USER SAYS: test
2017-05-10 20:00:08,464 - Main logger - 5499a3a9-9d23-4ecf-a77f-2a1420b1a968 - INFO - BOT SAYS: [{'payload': {'text': 'Bohuzel, to neni spravne heslo...vracim se na zacatek... '}, 'delay': 0, 'type': 'text'}, {'payload': {'text': 'Hrajeme hru Mesta, mas napsat existujici mesto, ktere se zacina stejnym pismenem, kterym konci posledni napsane.'}, 'delay': 0, 'type': 'text'}, {'payload': {'text': 'Chces hrat nebo naucit bota mestam? '}, 'delay': 0, 'type': 'text'}, {'payload': OrderedDict([('label', 'Hrat'), ('next_state', 'state1'), ('type', 'Main')]), 'delay': 0, 'type': 'button'}, {'payload': OrderedDict([('label', 'Naucit'), ('next_state', 'teach_bot'), ('type', 'Main')]), 'delay': 0, 'type': 'button'}]
